
     Program BANDS v.6.7MaX starts on 26Sep2026 at 14:45:40 

     This program is part of the open-source Quantum ESPRESSO suite
     for quantum simulation of materials; please cite
         "P. Giannozzi et al., J. Phys.:Condens. Matter 21 395502 (2009);
         "P. Giannozzi et al., J. Phys.:Condens. Matter 29 465901 (2017);
          URL http://www.quantum-espresso.org", 
     in publications or presentations arising from this work. More details at
     http://www.quantum-espresso.org/quote

     Parallel version (MPI), running on     1 processors

     MPI processes distributed on     1 nodes

     Reading xml data from directory:

     ./tmp_eq/silicon_eq.save/

     IMPORTANT: XC functional enforced from input :
     Exchange-correlation= PBE
                           (   1   4   3   4   0   0   0)
     Any further DFT definition will be discarded
     Please, verify this is what you really want


     G-vector sticks info
     --------------------
     sticks:   dense  smooth     PW     G-vecs:    dense   smooth      PW
     Sum        1483     745    211                37461    13323    2085

     Reading collected, re-writing distributed wavefunctions
     high-symmetry point: -0.5000 0.5000 0.5000   x coordinate   0.0000
     high-symmetry point:  0.0000 0.0000 0.0000   x coordinate   0.8660
     high-symmetry point: -1.0000 0.0000 0.0000   x coordinate   1.8660

     Plottable bands (eV) written to file silicon_bands.dat.gnu
     Bands written to file silicon_bands.dat

 **************************************************************************

                    xk=(  -0.50000,   0.50000,   0.50000  )

     zone border point and non-symmorphic group 
     symmetry decomposition not available

 **************************************************************************

 **************************************************************************

                    xk=(  -0.49000,   0.49000,   0.49000  )

     point group C_3v (3m)  
     there are  3 classes
     the character table:

       E     2C3   3s_v 
A_1    1.00  1.00  1.00
A_2    1.00  1.00 -1.00
E      2.00 -1.00  0.00

     the symmetry operations in each class and the name of the first element:

     E        1
                                                                 
     2C3      2    3
                                                                 
     3s_v     4    5    6
                                                                 

     Band symmetry, C_3v (3m)   point group:

     e(  1 -  1) =     -3.56728  eV     1   --> A_1  L_1       
     e(  2 -  2) =     -0.88645  eV     1   --> A_1  L_1       
     e(  3 -  4) =      4.79431  eV     2   --> E    L_3       
     e(  5 -  5) =      7.43314  eV     1   --> A_1  L_1       
     e(  6 -  7) =      9.32492  eV     2   --> E    L_3       
     e(  8 -  8) =     13.68012  eV     1   --> A_1  L_1       
     e(  9 - 10) =     16.41979  eV     2   --> E    L_3       
     e( 11 - 11) =     17.12003  eV     1   --> A_1  L_1       
     e( 12 - 12) =     17.24495  eV     1   -->   ?

 **************************************************************************

 **************************************************************************

                    xk=(  -0.48000,   0.48000,   0.48000  )

     Band symmetry, C_3v (3m)   point group:

     e(  1 -  1) =     -3.58371  eV     1   --> A_1  L_1       
     e(  2 -  2) =     -0.86272  eV     1   --> A_1  L_1       
     e(  3 -  4) =      4.79644  eV     2   --> E    L_3       
     e(  5 -  5) =      7.43563  eV     1   --> A_1  L_1       
     e(  6 -  7) =      9.32727  eV     2   --> E    L_3       
     e(  8 -  8) =     13.68373  eV     1   --> A_1  L_1       
     e(  9 - 10) =     16.29116  eV     2   --> E    L_3       
     e( 11 - 11) =     17.05214  eV     1   --> A_1  L_1       
     e( 12 - 12) =     17.38249  eV     1   -->   ?

 **************************************************************************

 **************************************************************************

                    xk=(  -0.47000,   0.47000,   0.47000  )

     Band symmetry, C_3v (3m)   point group:

     e(  1 -  1) =     -3.61044  eV     1   --> A_1  L_1       
     e(  2 -  2) =     -0.82382  eV     1   --> A_1  L_1       
     e(  3 -  4) =      4.80000  eV     2   --> E    L_3       
     e(  5 -  5) =      7.43976  eV     1   --> A_1  L_1       
     e(  6 -  7) =      9.33116  eV     2   --> E    L_3       
     e(  8 -  8) =     13.68967  eV     1   --> A_1  L_1       
     e(  9 - 10) =     16.13023  eV     2   --> E    L_3       
     e( 11 - 11) =     16.94983  eV     1   --> A_1  L_1       
     e( 12 - 12) =     17.55825  eV     1   -->   ?

 **************************************************************************

 **************************************************************************

                    xk=(  -0.46000,   0.46000,   0.46000  )

     Band symmetry, C_3v (3m)   point group:

     e(  1 -  1) =     -3.64658  eV     1   --> A_1  L_1       
     e(  2 -  2) =     -0.77064  eV     1   --> A_1  L_1       
     e(  3 -  4) =      4.80498  eV     2   --> E    L_3       
     e(  5 -  5) =      7.44554  eV     1   --> A_1  L_1       
     e(  6 -  7) =      9.33652  eV     2   --> E    L_3       
     e(  8 -  8) =     13.69785  eV     1   --> A_1  L_1       
     e(  9 - 10) =     15.95701  eV     2   --> E    L_3       
     e( 11 - 11) =     16.82314  eV     1   --> A_1  L_1       
     e( 12 - 12) =     17.75217  eV     1   -->   ?

 **************************************************************************

 **************************************************************************

                    xk=(  -0.45000,   0.45000,   0.45000  )

     Band symmetry, C_3v (3m)   point group:

     e(  1 -  1) =     -3.69106  eV     1   --> A_1  L_1       
     e(  2 -  2) =     -0.70427  eV     1   --> A_1  L_1       
     e(  3 -  4) =      4.81138  eV     2   --> E    L_3       
     e(  5 -  5) =      7.45297  eV     1   --> A_1  L_1       
     e(  6 -  7) =      9.34331  eV     2   --> E    L_3       
     e(  8 -  8) =     13.70813  eV     1   --> A_1  L_1       
     e(  9 - 10) =     15.77965  eV     2   --> E    L_3       
     e( 11 - 11) =     16.68012  eV     1   --> A_1  L_1       
     e( 12 - 12) =     17.95606  eV     1   -->   ?

 **************************************************************************

 **************************************************************************

                    xk=(  -0.44000,   0.44000,   0.44000  )

     Band symmetry, C_3v (3m)   point group:

     e(  1 -  1) =     -3.74269  eV     1   --> A_1  L_1       
     e(  2 -  2) =     -0.62590  eV     1   --> A_1  L_1       
     e(  3 -  4) =      4.81919  eV     2   --> E    L_3       
     e(  5 -  5) =      7.46204  eV     1   --> A_1  L_1       
     e(  6 -  7) =      9.35142  eV     2   --> E    L_3       
     e(  8 -  8) =     13.72028  eV     1   --> A_1  L_1       
     e(  9 - 10) =     15.60183  eV     2   --> E    L_3       
     e( 11 - 11) =     16.52652  eV     1   --> A_1  L_1       
     e( 12 - 12) =     18.16616  eV     1   -->   ?

 **************************************************************************

 **************************************************************************

                    xk=(  -0.43000,   0.43000,   0.43000  )

     Band symmetry, C_3v (3m)   point group:

     e(  1 -  1) =     -3.80032  eV     1   --> A_1  L_1       
     e(  2 -  2) =     -0.53669  eV     1   --> A_1  L_1       
     e(  3 -  4) =      4.82843  eV     2   --> E    L_3       
     e(  5 -  5) =      7.47274  eV     1   --> A_1  L_1       
     e(  6 -  7) =      9.36077  eV     2   --> E    L_3       
     e(  8 -  8) =     13.73404  eV     1   --> A_1  L_1       
     e(  9 - 10) =     15.42544  eV     2   --> E    L_3       
     e( 11 - 11) =     16.36632  eV     1   --> A_1  L_1       
     e( 12 - 12) =     18.38046  eV     1   -->   ?

 **************************************************************************

 **************************************************************************

                    xk=(  -0.42000,   0.42000,   0.42000  )

     Band symmetry, C_3v (3m)   point group:

     e(  1 -  1) =     -3.86282  eV     1   --> A_1  L_1       
     e(  2 -  2) =     -0.43778  eV     1   --> A_1  L_1       
     e(  3 -  4) =      4.83908  eV     2   --> E    L_3       
     e(  5 -  5) =      7.48507  eV     1   --> A_1  L_1       
     e(  6 -  7) =      9.37120  eV     2   --> E    L_3       
     e(  8 -  8) =     13.74899  eV     1   --> A_1  L_1       
     e(  9 - 10) =     15.25160  eV     2   --> E    L_3       
     e( 11 - 11) =     16.20239  eV     1   --> A_1  L_1       
     e( 12 - 12) =     18.59766  eV     1   -->   ?

 **************************************************************************

 **************************************************************************

                    xk=(  -0.41000,   0.41000,   0.41000  )

     Band symmetry, C_3v (3m)   point group:

     e(  1 -  1) =     -3.92919  eV     1   --> A_1  L_1       
     e(  2 -  2) =     -0.33019  eV     1   --> A_1  L_1       
     e(  3 -  4) =      4.85114  eV     2   --> E    L_3       
     e(  5 -  5) =      7.49902  eV     1   --> A_1  L_1       
     e(  6 -  7) =      9.38257  eV     2   --> E    L_3       
     e(  8 -  8) =     13.76462  eV     1   --> A_1  L_1       
     e(  9 - 10) =     15.08108  eV     2   --> E    L_3       
     e( 11 - 11) =     16.03692  eV     1   --> A_1  L_1       
     e( 12 - 12) =     18.81677  eV     1   -->   ?

 **************************************************************************

 **************************************************************************

                    xk=(  -0.40000,   0.40000,   0.40000  )

     Band symmetry, C_3v (3m)   point group:

     e(  1 -  1) =     -3.99852  eV     1   --> A_1  L_1       
     e(  2 -  2) =     -0.21485  eV     1   --> A_1  L_1       
     e(  3 -  4) =      4.86460  eV     2   --> E    L_3       
     e(  5 -  5) =      7.51457  eV     1   --> A_1  L_1       
     e(  6 -  7) =      9.39470  eV     2   --> E    L_3       
     e(  8 -  8) =     13.78018  eV     1   --> A_1  L_1       
     e(  9 - 10) =     14.91443  eV     2   --> E    L_3       
     e( 11 - 11) =     15.87176  eV     1   --> A_1  L_1       
     e( 12 - 12) =     19.03688  eV     1   -->   ?

 **************************************************************************

 **************************************************************************

                    xk=(  -0.39000,   0.39000,   0.39000  )

     Band symmetry, C_3v (3m)   point group:

     e(  1 -  1) =     -4.07003  eV     1   --> A_1  L_1       
     e(  2 -  2) =     -0.09256  eV     1   --> A_1  L_1       
     e(  3 -  4) =      4.87947  eV     2   --> E    L_3       
     e(  5 -  5) =      7.53172  eV     1   --> A_1  L_1       
     e(  6 -  7) =      9.40736  eV     2   --> E    L_3       
     e(  8 -  8) =     13.79467  eV     1   --> A_1  L_1       
     e(  9 - 10) =     14.75212  eV     2   --> E    L_3       
     e( 11 - 11) =     15.70870  eV     1   --> A_1  L_1       
     e( 12 - 12) =     19.25700  eV     1   -->   ?

 **************************************************************************

 **************************************************************************

                    xk=(  -0.38000,   0.38000,   0.38000  )

     Band symmetry, C_3v (3m)   point group:

     e(  1 -  1) =     -4.14303  eV     1   --> A_1  L_1       
     e(  2 -  2) =      0.03599  eV     1   --> A_1  L_1       
     e(  3 -  4) =      4.89573  eV     2   --> E    L_3       
     e(  5 -  5) =      7.55044  eV     1   --> A_1  L_1       
     e(  6 -  7) =      9.42035  eV     2   --> E    L_3       
     e(  8 -  8) =     13.80667  eV     1   --> A_1  L_1       
     e(  9 - 10) =     14.59457  eV     2   --> E    L_3       
     e( 11 - 11) =     15.54968  eV     1   --> A_1  L_1       
     e( 12 - 12) =     19.47600  eV     1   -->   ?

 **************************************************************************

 **************************************************************************

                    xk=(  -0.37000,   0.37000,   0.37000  )

     Band symmetry, C_3v (3m)   point group:

     e(  1 -  1) =     -4.21696  eV     1   --> A_1  L_1       
     e(  2 -  2) =      0.17020  eV     1   --> A_1  L_1       
     e(  3 -  4) =      4.91338  eV     2   --> E    L_3       
     e(  5 -  5) =      7.57073  eV     1   --> A_1  L_1       
     e(  6 -  7) =      9.43337  eV     2   --> E    L_3       
     e(  8 -  8) =     13.81421  eV     1   --> A_1  L_1       
     e(  9 - 10) =     14.44219  eV     2   --> E    L_3       
     e( 11 - 11) =     15.39701  eV     1   --> A_1  L_1       
     e( 12 - 12) =     19.69241  eV     1   -->   ?

 **************************************************************************

 **************************************************************************

                    xk=(  -0.36000,   0.36000,   0.36000  )

     Band symmetry, C_3v (3m)   point group:

     e(  1 -  1) =     -4.29133  eV     1   --> A_1  L_1       
     e(  2 -  2) =      0.30954  eV     1   --> A_1  L_1       
     e(  3 -  4) =      4.93241  eV     2   --> E    L_3       
     e(  5 -  5) =      7.59255  eV     1   --> A_1  L_1       
     e(  6 -  7) =      9.44615  eV     2   --> E    L_3       
     e(  8 -  8) =     13.81456  eV     1   --> A_1  L_1       
     e(  9 - 10) =     14.29537  eV     2   --> E    L_3       
     e( 11 - 11) =     15.25365  eV     1   --> A_1  L_1       
     e( 12 - 12) =     19.73634  eV     1   --> A_1  L_1       

 **************************************************************************

 **************************************************************************

                    xk=(  -0.35000,   0.35000,   0.35000  )

     Band symmetry, C_3v (3m)   point group:

     e(  1 -  1) =     -4.36571  eV     1   --> A_1  L_1       
     e(  2 -  2) =      0.45358  eV     1   --> A_1  L_1       
     e(  3 -  4) =      4.95281  eV     2   --> E    L_3       
     e(  5 -  5) =      7.61589  eV     1   --> A_1  L_1       
     e(  6 -  7) =      9.45835  eV     2   --> E    L_3       
     e(  8 -  8) =     13.80411  eV     1   --> A_1  L_1       
     e(  9 - 10) =     14.15451  eV     2   --> E    L_3       
     e( 11 - 11) =     15.12333  eV     1   --> A_1  L_1       
     e( 12 - 12) =     19.63291  eV     1   --> A_1  L_1       

 **************************************************************************

 **************************************************************************

                    xk=(  -0.34000,   0.34000,   0.34000  )

     Band symmetry, C_3v (3m)   point group:

     e(  1 -  1) =     -4.43975  eV     1   --> A_1  L_1       
     e(  2 -  2) =      0.60192  eV     1   --> A_1  L_1       
     e(  3 -  4) =      4.97456  eV     2   --> E    L_3       
     e(  5 -  5) =      7.64072  eV     1   --> A_1  L_1       
     e(  6 -  7) =      9.46962  eV     2   --> E    L_3       
     e(  8 -  8) =     13.77847  eV     1   --> A_1  L_1       
     e(  9 - 10) =     14.02003  eV     2   --> E    L_3       
     e( 11 - 11) =     15.01047  eV     1   --> A_1  L_1       
     e( 12 - 12) =     19.49343  eV     1   --> A_1  L_1       

 **************************************************************************

 **************************************************************************

                    xk=(  -0.33000,   0.33000,   0.33000  )

     Band symmetry, C_3v (3m)   point group:

     e(  1 -  1) =     -4.51315  eV     1   --> A_1  L_1       
     e(  2 -  2) =      0.75422  eV     1   --> A_1  L_1       
     e(  3 -  4) =      4.99764  eV     2   --> E    L_3       
     e(  5 -  5) =      7.66701  eV     1   --> A_1  L_1       
     e(  6 -  7) =      9.47957  eV     2   --> E    L_3       
     e(  8 -  8) =     13.73318  eV     1   --> A_1  L_1       
     e(  9 - 10) =     13.89236  eV     2   --> E    L_3       
     e( 11 - 11) =     14.91950  eV     1   --> A_1  L_1       
     e( 12 - 12) =     19.32631  eV     1   --> A_1  L_1       

 **************************************************************************

 **************************************************************************

                    xk=(  -0.32000,   0.32000,   0.32000  )

     Band symmetry, C_3v (3m)   point group:

     e(  1 -  1) =     -4.58566  eV     1   --> A_1  L_1       
     e(  2 -  2) =      0.91020  eV     1   --> A_1  L_1       
     e(  3 -  4) =      5.02205  eV     2   --> E    L_3       
     e(  5 -  5) =      7.69473  eV     1   --> A_1  L_1       
     e(  6 -  7) =      9.48779  eV     2   --> E    L_3       
     e(  8 -  8) =     13.66507  eV     1   --> A_1  L_1       
     e(  9 - 10) =     13.77195  eV     2   --> E    L_3       
     e( 11 - 11) =     14.85349  eV     1   --> A_1  L_1       
     e( 12 - 12) =     19.13942  eV     1   --> A_1  L_1       

 **************************************************************************

 **************************************************************************

                    xk=(  -0.31000,   0.31000,   0.31000  )

     Band symmetry, C_3v (3m)   point group:

     e(  1 -  1) =     -4.65705  eV     1   --> A_1  L_1       
     e(  2 -  2) =      1.06958  eV     1   --> A_1  L_1       
     e(  3 -  4) =      5.04776  eV     2   --> E    L_3       
     e(  5 -  5) =      7.72383  eV     1   --> A_1  L_1       
     e(  6 -  7) =      9.49385  eV     2   --> E    L_3       
     e(  8 -  8) =     13.57356  eV     1   --> A_1  L_1       
     e(  9 - 10) =     13.65923  eV     2   --> E    L_3       
     e( 11 - 11) =     14.81282  eV     1   --> A_1  L_1       
     e( 12 - 12) =     18.93926  eV     1   --> A_1  L_1       

 **************************************************************************

 **************************************************************************

                    xk=(  -0.30000,   0.30000,   0.30000  )

     Band symmetry, C_3v (3m)   point group:

     e(  1 -  1) =     -4.72714  eV     1   --> A_1  L_1       
     e(  2 -  2) =      1.23213  eV     1   --> A_1  L_1       
     e(  3 -  4) =      5.07474  eV     2   --> E    L_3       
     e(  5 -  5) =      7.75427  eV     1   --> A_1  L_1       
     e(  6 -  7) =      9.49732  eV     2   --> E    L_3       
     e(  8 -  8) =     13.46090  eV     1   --> A_1  L_1       
     e(  9 - 10) =     13.55467  eV     2   --> E    L_3       
     e( 11 - 11) =     14.79501  eV     1   --> A_1  L_1       
     e( 12 - 12) =     18.73089  eV     1   --> A_1  L_1       

 **************************************************************************

 **************************************************************************

                    xk=(  -0.29000,   0.29000,   0.29000  )

     Band symmetry, C_3v (3m)   point group:

     e(  1 -  1) =     -4.79577  eV     1   --> A_1  L_1       
     e(  2 -  2) =      1.39763  eV     1   --> A_1  L_1       
     e(  3 -  4) =      5.10296  eV     2   --> E    L_3       
     e(  5 -  5) =      7.78601  eV     1   --> A_1  L_1       
     e(  6 -  7) =      9.49775  eV     2   --> E    L_3       
     e(  8 -  8) =     13.33091  eV     1   --> A_1  L_1       
     e(  9 - 10) =     13.45872  eV     2   --> E    L_3       
     e( 11 - 11) =     14.79588  eV     1   --> A_1  L_1       
     e( 12 - 12) =     18.51820  eV     1   --> A_1  L_1       

 **************************************************************************

 **************************************************************************

                    xk=(  -0.28000,   0.28000,   0.28000  )

     Band symmetry, C_3v (3m)   point group:

     e(  1 -  1) =     -4.86279  eV     1   --> A_1  L_1       
     e(  2 -  2) =      1.56589  eV     1   --> A_1  L_1       
     e(  3 -  4) =      5.13239  eV     2   --> E    L_3       
     e(  5 -  5) =      7.81899  eV     1   --> A_1  L_1       
     e(  6 -  7) =      9.49473  eV     2   --> E    L_3       
     e(  8 -  8) =     13.18762  eV     1   --> A_1  L_1       
     e(  9 - 10) =     13.37179  eV     2   --> E    L_3       
     e( 11 - 11) =     14.81098  eV     1   --> A_1  L_1       
     e( 12 - 12) =     18.30424  eV     1   --> A_1  L_1       

 **************************************************************************

 **************************************************************************

                    xk=(  -0.27000,   0.27000,   0.27000  )

     Band symmetry, C_3v (3m)   point group:

     e(  1 -  1) =     -4.92809  eV     1   --> A_1  L_1       
     e(  2 -  2) =      1.73671  eV     1   --> A_1  L_1       
     e(  3 -  4) =      5.16299  eV     2   --> E    L_3       
     e(  5 -  5) =      7.85314  eV     1   --> A_1  L_1       
     e(  6 -  7) =      9.48787  eV     2   --> E    L_3       
     e(  8 -  8) =     13.03445  eV     1   --> A_1  L_1       
     e(  9 - 10) =     13.29426  eV     2   --> E    L_3       
     e( 11 - 11) =     14.83629  eV     1   --> A_1  L_1       
     e( 12 - 12) =     18.09154  eV     1   --> A_1  L_1       

 **************************************************************************

 **************************************************************************

                    xk=(  -0.26000,   0.26000,   0.26000  )

     Band symmetry, C_3v (3m)   point group:

     e(  1 -  1) =     -4.99156  eV     1   --> A_1  L_1       
     e(  2 -  2) =      1.90992  eV     1   --> A_1  L_1       
     e(  3 -  4) =      5.19472  eV     2   --> E    L_3       
     e(  5 -  5) =      7.88839  eV     1   --> A_1  L_1       
     e(  6 -  7) =      9.47683  eV     2   --> E    L_3       
     e(  8 -  8) =     12.87400  eV     1   --> A_1  L_1       
     e(  9 - 10) =     13.22647  eV     2   --> E    L_3       
     e( 11 - 11) =     14.86846  eV     1   --> A_1  L_1       
     e( 12 - 12) =     17.88231  eV     1   --> A_1  L_1       

 **************************************************************************

 **************************************************************************

                    xk=(  -0.25000,   0.25000,   0.25000  )

     Band symmetry, C_3v (3m)   point group:

     e(  1 -  1) =     -5.05312  eV     1   --> A_1  L_1       
     e(  2 -  2) =      2.08534  eV     1   --> A_1  L_1       
     e(  3 -  4) =      5.22753  eV     2   --> E    L_3       
     e(  5 -  5) =      7.92466  eV     1   --> A_1  L_1       
     e(  6 -  7) =      9.46135  eV     2   --> E    L_3       
     e(  8 -  8) =     12.70817  eV     1   --> A_1  L_1       
     e(  9 - 10) =     13.16867  eV     2   --> E    L_3       
     e( 11 - 11) =     14.90463  eV     1   --> A_1  L_1       
     e( 12 - 12) =     17.67862  eV     1   --> A_1  L_1       

 **************************************************************************

 **************************************************************************

                    xk=(  -0.24000,   0.24000,   0.24000  )

     Band symmetry, C_3v (3m)   point group:

     e(  1 -  1) =     -5.11267  eV     1   --> A_1  L_1       
     e(  2 -  2) =      2.26279  eV     1   --> A_1  L_1       
     e(  3 -  4) =      5.26134  eV     2   --> E    L_3       
     e(  5 -  5) =      7.96185  eV     1   --> A_1  L_1       
     e(  6 -  7) =      9.44125  eV     2   --> E    L_3       
     e(  8 -  8) =     12.53831  eV     1   --> A_1  L_1       
     e(  9 - 10) =     13.12099  eV     2   --> E    L_3       
     e( 11 - 11) =     14.94217  eV     1   --> A_1  L_1       
     e( 12 - 12) =     17.48264  eV     1   --> A_1  L_1       

 **************************************************************************

 **************************************************************************

                    xk=(  -0.23000,   0.23000,   0.23000  )

     Band symmetry, C_3v (3m)   point group:

     e(  1 -  1) =     -5.17016  eV     1   --> A_1  L_1       
     e(  2 -  2) =      2.44209  eV     1   --> A_1  L_1       
     e(  3 -  4) =      5.29611  eV     2   --> E    L_3       
     e(  5 -  5) =      7.99987  eV     1   --> A_1  L_1       
     e(  6 -  7) =      9.41645  eV     2   --> E    L_3       
     e(  8 -  8) =     12.36541  eV     1   --> A_1  L_1       
     e(  9 - 10) =     13.08349  eV     2   --> E    L_3       
     e( 11 - 11) =     14.97845  eV     1   --> A_1  L_1       
     e( 12 - 12) =     17.29673  eV     1   --> A_1  L_1       

 **************************************************************************

 **************************************************************************

                    xk=(  -0.22000,   0.22000,   0.22000  )

     Band symmetry, C_3v (3m)   point group:

     e(  1 -  1) =     -5.22551  eV     1   --> A_1  L_1       
     e(  2 -  2) =      2.62307  eV     1   --> A_1  L_1       
     e(  3 -  4) =      5.33174  eV     2   --> E    L_3       
     e(  5 -  5) =      8.03860  eV     1   --> A_1  L_1       
     e(  6 -  7) =      9.38700  eV     2   --> E    L_3       
     e(  8 -  8) =     12.19016  eV     1   --> A_1  L_1       
     e(  9 - 10) =     13.05609  eV     2   --> E    L_3       
     e( 11 - 11) =     15.01062  eV     1   --> A_1  L_1       
     e( 12 - 12) =     17.12361  eV     1   --> A_1  L_1       

 **************************************************************************

 **************************************************************************

                    xk=(  -0.21000,   0.21000,   0.21000  )

     Band symmetry, C_3v (3m)   point group:

     e(  1 -  1) =     -5.27868  eV     1   --> A_1  L_1       
     e(  2 -  2) =      2.80553  eV     1   --> A_1  L_1       
     e(  3 -  4) =      5.36815  eV     2   --> E    L_3       
     e(  5 -  5) =      8.07790  eV     1   --> A_1  L_1       
     e(  6 -  7) =      9.35306  eV     2   --> E    L_3       
     e(  8 -  8) =     12.01310  eV     1   --> A_1  L_1       
     e(  9 - 10) =     13.03860  eV     2   --> E    L_3       
     e( 11 - 11) =     15.03544  eV     1   --> A_1  L_1       
     e( 12 - 12) =     16.96651  eV     1   --> A_1  L_1       

 **************************************************************************

 **************************************************************************

                    xk=(  -0.20000,   0.20000,   0.20000  )

     Band symmetry, C_3v (3m)   point group:

     e(  1 -  1) =     -5.32961  eV     1   --> A_1  L_1       
     e(  2 -  2) =      2.98928  eV     1   --> A_1  L_1       
     e(  3 -  4) =      5.40524  eV     2   --> E    L_3       
     e(  5 -  5) =      8.11764  eV     1   --> A_1  L_1       
     e(  6 -  7) =      9.31488  eV     2   --> E    L_3       
     e(  8 -  8) =     11.83466  eV     1   --> A_1  L_1       
     e(  9 - 10) =     13.03069  eV     2   --> E    L_3       
     e( 11 - 11) =     15.04923  eV     1   --> A_1  L_1       
     e( 12 - 12) =     16.82908  eV     1   --> A_1  L_1       

 **************************************************************************

 **************************************************************************

                    xk=(  -0.19000,   0.19000,   0.19000  )

     Band symmetry, C_3v (3m)   point group:

     e(  1 -  1) =     -5.37826  eV     1   --> A_1  L_1       
     e(  2 -  2) =      3.17407  eV     1   --> A_1  L_1       
     e(  3 -  4) =      5.44290  eV     2   --> E    L_3       
     e(  5 -  5) =      8.15763  eV     1   --> A_1  L_1       
     e(  6 -  7) =      9.27284  eV     2   --> E    L_3       
     e(  8 -  8) =     11.65519  eV     1   --> A_1  L_1       
     e(  9 - 10) =     13.03192  eV     2   --> E    L_3       
     e( 11 - 11) =     15.04818  eV     1   --> A_1  L_1       
     e( 12 - 12) =     16.71520  eV     1   --> A_1  L_1       

 **************************************************************************

 **************************************************************************

                    xk=(  -0.18000,   0.18000,   0.18000  )

     Band symmetry, C_3v (3m)   point group:

     e(  1 -  1) =     -5.42460  eV     1   --> A_1  L_1       
     e(  2 -  2) =      3.35968  eV     1   --> A_1  L_1       
     e(  3 -  4) =      5.48100  eV     2   --> E    L_3       
     e(  5 -  5) =      8.19770  eV     1   --> A_1  L_1       
     e(  6 -  7) =      9.22738  eV     2   --> E    L_3       
     e(  8 -  8) =     11.47501  eV     1   --> A_1  L_1       
     e(  9 - 10) =     13.04175  eV     2   --> E    L_3       
     e( 11 - 11) =     15.02900  eV     1   --> A_1  L_1       
     e( 12 - 12) =     16.62819  eV     1   --> A_1  L_1       

 **************************************************************************

 **************************************************************************

                    xk=(  -0.17000,   0.17000,   0.17000  )

     Band symmetry, C_3v (3m)   point group:

     e(  1 -  1) =     -5.46858  eV     1   --> A_1  L_1       
     e(  2 -  2) =      3.54583  eV     1   --> A_1  L_1       
     e(  3 -  4) =      5.51938  eV     2   --> E    L_3       
     e(  5 -  5) =      8.23764  eV     1   --> A_1  L_1       
     e(  6 -  7) =      9.17905  eV     2   --> E    L_3       
     e(  8 -  8) =     11.29444  eV     1   --> A_1  L_1       
     e(  9 - 10) =     13.05956  eV     2   --> E    L_3       
     e( 11 - 11) =     14.98990  eV     1   --> A_1  L_1       
     e( 12 - 12) =     16.56986  eV     1   --> A_1  L_1       

 **************************************************************************

 **************************************************************************

                    xk=(  -0.16000,   0.16000,   0.16000  )

     Band symmetry, C_3v (3m)   point group:

     e(  1 -  1) =     -5.51019  eV     1   --> A_1  L_1       
     e(  2 -  2) =      3.73220  eV     1   --> A_1  L_1       
     e(  3 -  4) =      5.55789  eV     2   --> E    L_3       
     e(  5 -  5) =      8.27720  eV     1   --> A_1  L_1       
     e(  6 -  7) =      9.12842  eV     2   --> E    L_3       
     e(  8 -  8) =     11.11383  eV     1   --> A_1  L_1       
     e(  9 - 10) =     13.08464  eV     2   --> E    L_3       
     e( 11 - 11) =     14.93143  eV     1   --> A_1  L_1       
     e( 12 - 12) =     16.53969  eV     1   --> A_1  L_1       

 **************************************************************************

 **************************************************************************

                    xk=(  -0.15000,   0.15000,   0.15000  )

     Band symmetry, C_3v (3m)   point group:

     e(  1 -  1) =     -5.54938  eV     1   --> A_1  L_1       
     e(  2 -  2) =      3.91842  eV     1   --> A_1  L_1       
     e(  3 -  4) =      5.59634  eV     2   --> E    L_3       
     e(  5 -  5) =      8.31612  eV     1   --> A_1  L_1       
     e(  6 -  7) =      9.07612  eV     2   --> E    L_3       
     e(  8 -  8) =     10.93355  eV     1   --> A_1  L_1       
     e(  9 - 10) =     13.11623  eV     2   --> E    L_3       
     e( 11 - 11) =     14.85639  eV     1   --> A_1  L_1       
     e( 12 - 12) =     16.53485  eV     1   --> A_1  L_1       

 **************************************************************************

 **************************************************************************

                    xk=(  -0.14000,   0.14000,   0.14000  )

     Band symmetry, C_3v (3m)   point group:

     e(  1 -  1) =     -5.58615  eV     1   --> A_1  L_1       
     e(  2 -  2) =      4.10409  eV     1   --> A_1  L_1       
     e(  3 -  4) =      5.63452  eV     2   --> E    L_3       
     e(  5 -  5) =      8.35408  eV     1   --> A_1  L_1       
     e(  6 -  7) =      9.02279  eV     2   --> E    L_3       
     e(  8 -  8) =     10.75406  eV     1   --> A_1  L_1       
     e(  9 - 10) =     13.15349  eV     2   --> E    L_3       
     e( 11 - 11) =     14.76898  eV     1   --> A_1  L_1       
     e( 12 - 12) =     16.55104  eV     1   --> A_1  L_1       

 **************************************************************************

 **************************************************************************

                    xk=(  -0.13000,   0.13000,   0.13000  )

     Band symmetry, C_3v (3m)   point group:

     e(  1 -  1) =     -5.62046  eV     1   --> A_1  L_1       
     e(  2 -  2) =      4.28868  eV     1   --> A_1  L_1       
     e(  3 -  4) =      5.67220  eV     2   --> E    L_3       
     e(  5 -  5) =      8.39076  eV     1   --> A_1  L_1       
     e(  6 -  7) =      8.96911  eV     2   --> E    L_3       
     e(  8 -  8) =     10.57594  eV     1   --> A_1  L_1       
     e(  9 - 10) =     13.19557  eV     2   --> E    L_3       
     e( 11 - 11) =     14.67376  eV     1   --> A_1  L_1       
     e( 12 - 12) =     16.58360  eV     1   --> A_1  L_1       

 **************************************************************************

 **************************************************************************

                    xk=(  -0.12000,   0.12000,   0.12000  )

     Band symmetry, C_3v (3m)   point group:

     e(  1 -  1) =     -5.65229  eV     1   --> A_1  L_1       
     e(  2 -  2) =      4.47161  eV     1   --> A_1  L_1       
     e(  3 -  4) =      5.70912  eV     2   --> E    L_3       
     e(  5 -  5) =      8.42572  eV     1   --> A_1  L_1       
     e(  6 -  7) =      8.91573  eV     2   --> E    L_3       
     e(  8 -  8) =     10.39987  eV     1   --> A_1  L_1       
     e(  9 - 10) =     13.24153  eV     2   --> E    L_3       
     e( 11 - 11) =     14.57484  eV     1   --> A_1  L_1       
     e( 12 - 12) =     16.62821  eV     1   --> A_1  L_1       

 **************************************************************************

 **************************************************************************

                    xk=(  -0.11000,   0.11000,   0.11000  )

     Band symmetry, C_3v (3m)   point group:

     e(  1 -  1) =     -5.68164  eV     1   --> A_1  L_1       
     e(  2 -  2) =      4.65211  eV     1   --> A_1  L_1       
     e(  3 -  4) =      5.74499  eV     2   --> E    L_3       
     e(  5 -  5) =      8.45851  eV     1   --> A_1  L_1       
     e(  6 -  7) =      8.86334  eV     2   --> E    L_3       
     e(  8 -  8) =     10.22675  eV     1   --> A_1  L_1       
     e(  9 - 10) =     13.29038  eV     2   --> E    L_3       
     e( 11 - 11) =     14.47564  eV     1   --> A_1  L_1       
     e( 12 - 12) =     16.68116  eV     1   --> A_1  L_1       

 **************************************************************************

 **************************************************************************

                    xk=(  -0.10000,   0.10000,   0.10000  )

     Band symmetry, C_3v (3m)   point group:

     e(  1 -  1) =     -5.70848  eV     1   --> A_1  L_1       
     e(  2 -  2) =      4.82929  eV     1   --> A_1  L_1       
     e(  3 -  4) =      5.77952  eV     2   --> E    L_3       
     e(  5 -  5) =      8.48858  eV     1   --> A_1  L_1       
     e(  6 -  7) =      8.81259  eV     2   --> E    L_3       
     e(  8 -  8) =     10.05772  eV     1   --> A_1  L_1       
     e(  9 - 10) =     13.34110  eV     2   --> E    L_3       
     e( 11 - 11) =     14.37888  eV     1   --> A_1  L_1       
     e( 12 - 12) =     16.73937  eV     1   --> A_1  L_1       

 **************************************************************************

 **************************************************************************

                    xk=(  -0.09000,   0.09000,   0.09000  )

     Band symmetry, C_3v (3m)   point group:

     e(  1 -  1) =     -5.73280  eV     1   --> A_1  L_1       
     e(  2 -  2) =      5.00203  eV     1   --> A_1  L_1       
     e(  3 -  4) =      5.81236  eV     2   --> E    L_3       
     e(  5 -  5) =      8.51526  eV     1   --> A_1  L_1       
     e(  6 -  7) =      8.76414  eV     2   --> E    L_3       
     e(  8 -  8) =      9.89422  eV     1   --> A_1  L_1       
     e(  9 - 10) =     13.39259  eV     2   --> E    L_3       
     e( 11 - 11) =     14.28669  eV     1   --> A_1  L_1       
     e( 12 - 12) =     16.80024  eV     1   --> A_1  L_1       

 **************************************************************************

 **************************************************************************

                    xk=(  -0.08000,   0.08000,   0.08000  )

     Band symmetry, C_3v (3m)   point group:

     e(  1 -  1) =     -5.75459  eV     1   --> A_1  L_1       
     e(  2 -  2) =      5.16887  eV     1   --> A_1  L_1       
     e(  3 -  4) =      5.84316  eV     2   --> E    L_3       
     e(  5 -  5) =      8.53775  eV     1   --> A_1  L_1       
     e(  6 -  7) =      8.71863  eV     2   --> E    L_3       
     e(  8 -  8) =      9.73816  eV     1   --> A_1  L_1       
     e(  9 - 10) =     13.44370  eV     2   --> E    L_3       
     e( 11 - 11) =     14.20073  eV     1   --> A_1  L_1       
     e( 12 - 12) =     16.86152  eV     1   --> A_1  L_1       

 **************************************************************************

 **************************************************************************

                    xk=(  -0.07000,   0.07000,   0.07000  )

     Band symmetry, C_3v (3m)   point group:

     e(  1 -  1) =     -5.77384  eV     1   --> A_1  L_1       
     e(  2 -  2) =      5.32804  eV     1   --> A_1  L_1       
     e(  3 -  4) =      5.87155  eV     2   --> E    L_3       
     e(  5 -  5) =      8.55508  eV     1   --> A_1  L_1       
     e(  6 -  7) =      8.67669  eV     2   --> E    L_3       
     e(  8 -  8) =      9.59197  eV     1   --> A_1  L_1       
     e(  9 - 10) =     13.49319  eV     2   --> E    L_3       
     e( 11 - 11) =     14.12231  eV     1   --> A_1  L_1       
     e( 12 - 12) =     16.92120  eV     1   --> A_1  L_1       

 **************************************************************************

 **************************************************************************

                    xk=(  -0.06000,   0.06000,   0.06000  )

     Band symmetry, C_3v (3m)   point group:

     e(  1 -  1) =     -5.79054  eV     1   --> A_1  L_1       
     e(  2 -  2) =      5.47727  eV     1   --> A_1  L_1       
     e(  3 -  4) =      5.89717  eV     2   --> E    L_3       
     e(  5 -  5) =      8.56619  eV     1   --> A_1  L_1       
     e(  6 -  7) =      8.63891  eV     2   --> E    L_3       
     e(  8 -  8) =      9.45866  eV     1   --> A_1  L_1       
     e(  9 - 10) =     13.53979  eV     2   --> E    L_3       
     e( 11 - 11) =     14.05248  eV     1   --> A_1  L_1       
     e( 12 - 12) =     16.97744  eV     1   --> A_1  L_1       

 **************************************************************************

 **************************************************************************

                    xk=(  -0.05000,   0.05000,   0.05000  )

     Band symmetry, C_3v (3m)   point group:

     e(  1 -  1) =     -5.80469  eV     1   --> A_1  L_1       
     e(  2 -  2) =      5.61375  eV     1   --> A_1  L_1       
     e(  3 -  4) =      5.91962  eV     2   --> E    L_3       
     e(  5 -  5) =      8.57005  eV     1   --> A_1  L_1       
     e(  6 -  7) =      8.60585  eV     2   --> E    L_3       
     e(  8 -  8) =      9.34176  eV     1   --> A_1  L_1       
     e(  9 - 10) =     13.58220  eV     2   --> E    L_3       
     e( 11 - 11) =     13.99208  eV     1   --> A_1  L_1       
     e( 12 - 12) =     17.02854  eV     1   --> A_1  L_1       

 **************************************************************************

 **************************************************************************

                    xk=(  -0.04000,   0.04000,   0.04000  )

     Band symmetry, C_3v (3m)   point group:

     e(  1 -  1) =     -5.81627  eV     1   --> A_1  L_1       
     e(  2 -  2) =      5.73406  eV     1   --> A_1  L_1       
     e(  3 -  4) =      5.93857  eV     2   --> E    L_3       
     e(  5 -  5) =      8.56625  eV     1   --> A_1  L_1       
     e(  6 -  7) =      8.57802  eV     2   --> E    L_3       
     e(  8 -  8) =      9.24484  eV     1   --> A_1  L_1       
     e(  9 - 10) =     13.61914  eV     2   --> E    L_3       
     e( 11 - 11) =     13.94179  eV     1   --> A_1  L_1       
     e( 12 - 12) =     17.07291  eV     1   --> A_1  L_1       

 **************************************************************************

 **************************************************************************

                    xk=(  -0.03000,   0.03000,   0.03000  )

     Band symmetry, C_3v (3m)   point group:

     e(  1 -  1) =     -5.82528  eV     1   --> A_1  L_1       
     e(  2 -  2) =      5.83424  eV     1   --> A_1  L_1       
     e(  3 -  4) =      5.95369  eV     2   --> E    L_3       
     e(  5 -  7) =      8.55587  eV     3   --> A_1  L_1       
     e(  5 -  7) =      8.55587  eV     3   --> E    L_3       
     e(  8 -  8) =      9.17050  eV     1   --> A_1  L_1       
     e(  9 - 10) =     13.64938  eV     2   --> E    L_3       
     e( 11 - 11) =     13.90214  eV     1   --> A_1  L_1       
     e( 12 - 12) =     17.10911  eV     1   --> A_1  L_1       

 **************************************************************************

 **************************************************************************

                    xk=(  -0.02000,   0.02000,   0.02000  )

     Band symmetry, C_3v (3m)   point group:

     e(  1 -  1) =     -5.83172  eV     1   --> A_1  L_1       
     e(  2 -  2) =      5.91003  eV     1   --> A_1  L_1       
     e(  3 -  4) =      5.96470  eV     2   --> E    L_3       
     e(  5 -  6) =      8.53977  eV     2   --> E    L_3       
     e(  7 -  7) =      8.54247  eV     1   --> A_1  L_1       
     e(  8 -  8) =      9.11937  eV     1   --> A_1  L_1       
     e(  9 - 10) =     13.67184  eV     2   --> E    L_3       
     e( 11 - 11) =     13.87353  eV     1   --> A_1  L_1       
     e( 12 - 12) =     17.13593  eV     1   --> A_1  L_1       

 **************************************************************************

 **************************************************************************

                    xk=(  -0.01000,   0.01000,   0.01000  )

     Band symmetry, C_3v (3m)   point group:

     e(  1 -  1) =     -5.83558  eV     1   --> A_1  L_1       
     e(  2 -  2) =      5.95747  eV     1   --> A_1  L_1       
     e(  3 -  4) =      5.97139  eV     2   --> E    L_3       
     e(  5 -  6) =      8.53000  eV     2   --> E    L_3       
     e(  7 -  7) =      8.53114  eV     1   --> A_1  L_1       
     e(  8 -  8) =      9.09006  eV     1   --> A_1  L_1       
     e(  9 - 10) =     13.68569  eV     2   --> E    L_3       
     e( 11 - 11) =     13.85626  eV     1   --> A_1  L_1       
     e( 12 - 12) =     17.15243  eV     1   --> A_1  L_1       

 **************************************************************************

 **************************************************************************

                    xk=(   0.00000,   0.00000,   0.00000  )

     point group O_h (m-3m) 
     there are 10 classes
     the character table:

       E     8C3   3C2   6C4   6C2'  i     8S6   3s_h  6S4   6s_d 
A_1g   1.00  1.00  1.00  1.00  1.00  1.00  1.00  1.00  1.00  1.00
A_2g   1.00  1.00  1.00 -1.00 -1.00  1.00  1.00  1.00 -1.00 -1.00
E_g    2.00 -1.00  2.00  0.00  0.00  2.00 -1.00  2.00  0.00  0.00
T_1g   3.00  0.00 -1.00  1.00 -1.00  3.00  0.00 -1.00  1.00 -1.00
T_2g   3.00  0.00 -1.00 -1.00  1.00  3.00  0.00 -1.00 -1.00  1.00
A_1u   1.00  1.00  1.00  1.00  1.00 -1.00 -1.00 -1.00 -1.00 -1.00
A_2u   1.00  1.00  1.00 -1.00 -1.00 -1.00 -1.00 -1.00  1.00  1.00
E_u    2.00 -1.00  2.00  0.00  0.00 -2.00  1.00 -2.00  0.00  0.00
T_1u   3.00  0.00 -1.00  1.00 -1.00 -3.00  0.00  1.00 -1.00  1.00
T_2u   3.00  0.00 -1.00 -1.00  1.00 -3.00  0.00  1.00  1.00 -1.00

     the symmetry operations in each class and the name of the first element:

     E        1
                                                                 
     8C3     17   19   20   18   24   21   22   23
                                                                 
     3C2      2    4    3
                                                                 
     6C4      7    8   15   16   12   11
                                                                 
     6C2'     5    6   14   13   10    9
                                                                 
     i       25
                                                                 
     8S6     41   43   44   42   48   45   46   47
                                                                 
     3s_h    26   28   27
                                                                 
     6S4     31   32   39   40   36   35
                                                                 
     6s_d    29   30   38   37   34   33
                                                                 

     Band symmetry, O_h (m-3m)  point group:

     e(  1 -  1) =     -5.83687  eV     1   --> A_1g G_1   G_1+
     e(  2 -  4) =      5.97364  eV     3   --> T_2g G_25' G_5+
     e(  5 -  7) =      8.52672  eV     3   --> T_1u G_15  G_4-
     e(  8 -  8) =      9.08059  eV     1   --> A_2u G_2'  G_2-
     e(  9 - 10) =     13.69036  eV     2   --> E_u  G_12' G_3-
     e( 11 - 11) =     13.85048  eV     1   --> A_1g G_1   G_1+
     e( 12 - 12) =     17.15799  eV     1   -->   ?

 **************************************************************************

 **************************************************************************

                    xk=(  -0.02000,   0.00000,   0.00000  )

     point group C_4v (4mm) 
     there are  5 classes
     the character table:

       E     2C4   C2    2s_v  2s_d 
A_1    1.00  1.00  1.00  1.00  1.00
A_2    1.00  1.00  1.00 -1.00 -1.00
B_1    1.00 -1.00  1.00  1.00 -1.00
B_2    1.00 -1.00  1.00 -1.00  1.00
E      2.00  0.00 -2.00  0.00  0.00

     the symmetry operations in each class and the name of the first element:

     E        1
                                                                 
     2C4      3    4
                                                                 
     C2       2
                                                                 
     2s_v     5    6
                                                                 
     2s_d     7    8
                                                                 

     Band symmetry, C_4v (4mm)  point group:

     e(  1 -  1) =     -5.83515  eV     1   --> A_1  G_1 D_1   
     e(  2 -  2) =      5.96095  eV     1   --> B_2  G_4 D_2'  
     e(  3 -  4) =      5.96620  eV     2   --> E    G_5 D_5   
     e(  5 -  5) =      8.52243  eV     1   --> A_1  G_1 D_1   
     e(  6 -  7) =      8.53628  eV     2   --> E    G_5 D_5   
     e(  8 -  8) =      9.09305  eV     1   --> B_2  G_4 D_2'  
     e(  9 -  9) =     13.67601  eV     1   --> B_2  G_4 D_2'  
     e( 10 - 10) =     13.69227  eV     1   --> A_2  G_2 D_1'  
     e( 11 - 11) =     13.85818  eV     1   --> A_1  G_1 D_1   
     e( 12 - 12) =     17.16100  eV     1   -->   ?

 **************************************************************************

 **************************************************************************

                    xk=(  -0.04000,   0.00000,   0.00000  )

     Band symmetry, C_4v (4mm)  point group:

     e(  1 -  1) =     -5.83000  eV     1   --> A_1  G_1 D_1   
     e(  2 -  2) =      5.92351  eV     1   --> B_2  G_4 D_2'  
     e(  3 -  4) =      5.94422  eV     2   --> E    G_5 D_5   
     e(  5 -  5) =      8.50966  eV     1   --> A_1  G_1 D_1   
     e(  6 -  7) =      8.56461  eV     2   --> E    G_5 D_5   
     e(  8 -  8) =      9.12972  eV     1   --> B_2  G_4 D_2'  
     e(  9 -  9) =     13.63376  eV     1   --> B_2  G_4 D_2'  
     e( 10 - 10) =     13.69800  eV     1   --> A_2  G_2 D_1'  
     e( 11 - 11) =     13.88120  eV     1   --> A_1  G_1 D_1   
     e( 12 - 12) =     17.17000  eV     1   -->   ?

 **************************************************************************

 **************************************************************************

                    xk=(  -0.06000,   0.00000,   0.00000  )

     Band symmetry, C_4v (4mm)  point group:

     e(  1 -  1) =     -5.82141  eV     1   --> A_1  G_1 D_1   
     e(  2 -  2) =      5.86306  eV     1   --> B_2  G_4 D_2'  
     e(  3 -  4) =      5.90867  eV     2   --> E    G_5 D_5   
     e(  5 -  5) =      8.48864  eV     1   --> A_1  G_1 D_1   
     e(  6 -  7) =      8.61075  eV     2   --> E    G_5 D_5   
     e(  8 -  8) =      9.18865  eV     1   --> B_2  G_4 D_2'  
     e(  9 -  9) =     13.56595  eV     1   --> B_2  G_4 D_2'  
     e( 10 - 10) =     13.70755  eV     1   --> A_2  G_2 D_1'  
     e( 11 - 11) =     13.91928  eV     1   --> A_1  G_1 D_1   
     e( 12 - 12) =     17.18500  eV     1   -->   ?

 **************************************************************************

 **************************************************************************

                    xk=(  -0.08000,   0.00000,   0.00000  )

     Band symmetry, C_4v (4mm)  point group:

     e(  1 -  1) =     -5.80939  eV     1   --> A_1  G_1 D_1   
     e(  2 -  2) =      5.78212  eV     1   --> B_2  G_4 D_2'  
     e(  3 -  4) =      5.86098  eV     2   --> E    G_5 D_5   
     e(  5 -  5) =      8.45979  eV     1   --> A_1  G_1 D_1   
     e(  6 -  7) =      8.67326  eV     2   --> E    G_5 D_5   
     e(  8 -  8) =      9.26694  eV     1   --> B_2  G_4 D_2'  
     e(  9 -  9) =     13.47602  eV     1   --> B_2  G_4 D_2'  
     e( 10 - 10) =     13.72092  eV     1   --> A_2  G_2 D_1'  
     e( 11 - 11) =     13.97202  eV     1   --> A_1  G_1 D_1   
     e( 12 - 12) =     17.20600  eV     1   -->   ?

 **************************************************************************

 **************************************************************************

                    xk=(  -0.10000,   0.00000,   0.00000  )

     Band symmetry, C_4v (4mm)  point group:

     e(  1 -  1) =     -5.79394  eV     1   --> A_1  G_1 D_1   
     e(  2 -  2) =      5.68352  eV     1   --> B_2  G_4 D_2'  
     e(  3 -  4) =      5.80281  eV     2   --> E    G_5 D_5   
     e(  5 -  5) =      8.42362  eV     1   --> A_1  G_1 D_1   
     e(  6 -  7) =      8.75046  eV     2   --> E    G_5 D_5   
     e(  8 -  8) =      9.36119  eV     1   --> B_2  G_4 D_2'  
     e(  9 -  9) =     13.36807  eV     1   --> B_2  G_4 D_2'  
     e( 10 - 10) =     13.73811  eV     1   --> A_2  G_2 D_1'  
     e( 11 - 11) =     14.03886  eV     1   --> A_1  G_1 D_1   
     e( 12 - 12) =     17.23299  eV     1   -->   ?

 **************************************************************************

 **************************************************************************

                    xk=(  -0.12000,   0.00000,   0.00000  )

     Band symmetry, C_4v (4mm)  point group:

     e(  1 -  1) =     -5.77506  eV     1   --> A_1  G_1 D_1   
     e(  2 -  2) =      5.57009  eV     1   --> B_2  G_4 D_2'  
     e(  3 -  4) =      5.73591  eV     2   --> E    G_5 D_5   
     e(  5 -  5) =      8.38075  eV     1   --> A_1  G_1 D_1   
     e(  6 -  7) =      8.84059  eV     2   --> E    G_5 D_5   
     e(  8 -  8) =      9.46773  eV     1   --> B_2  G_4 D_2'  
     e(  9 -  9) =     13.24654  eV     1   --> B_2  G_4 D_2'  
     e( 10 - 10) =     13.75911  eV     1   --> A_2  G_2 D_1'  
     e( 11 - 11) =     14.11918  eV     1   --> A_1  G_1 D_1   
     e( 12 - 12) =     17.26594  eV     1   -->   ?

 **************************************************************************

 **************************************************************************

                    xk=(  -0.14000,   0.00000,   0.00000  )

     Band symmetry, C_4v (4mm)  point group:

     e(  1 -  1) =     -5.75276  eV     1   --> A_1  G_1 D_1   
     e(  2 -  2) =      5.44441  eV     1   --> B_2  G_4 D_2'  
     e(  3 -  4) =      5.66194  eV     2   --> E    G_5 D_5   
     e(  5 -  5) =      8.33186  eV     1   --> A_1  G_1 D_1   
     e(  6 -  7) =      8.94197  eV     2   --> E    G_5 D_5   
     e(  8 -  8) =      9.58281  eV     1   --> B_2  G_4 D_2'  
     e(  9 -  9) =     13.11599  eV     1   --> B_2  G_4 D_2'  
     e( 10 - 10) =     13.78393  eV     1   --> A_2  G_2 D_1'  
     e( 11 - 11) =     14.21225  eV     1   --> A_1  G_1 D_1   
     e( 12 - 12) =     17.30484  eV     1   -->   ?

 **************************************************************************

 **************************************************************************

                    xk=(  -0.16000,   0.00000,   0.00000  )

     Band symmetry, C_4v (4mm)  point group:

     e(  1 -  1) =     -5.72704  eV     1   --> A_1  G_1 D_1   
     e(  2 -  2) =      5.30874  eV     1   --> B_2  G_4 D_2'  
     e(  3 -  4) =      5.58240  eV     2   --> E    G_5 D_5   
     e(  5 -  5) =      8.27766  eV     1   --> A_1  G_1 D_1   
     e(  6 -  7) =      9.05309  eV     2   --> E    G_5 D_5   
     e(  8 -  8) =      9.70256  eV     1   --> B_2  G_4 D_2'  
     e(  9 -  9) =     12.98106  eV     1   --> B_2  G_4 D_2'  
     e( 10 - 10) =     13.81257  eV     1   --> A_2  G_2 D_1'  
     e( 11 - 11) =     14.31733  eV     1   --> A_1  G_1 D_1   
     e( 12 - 12) =     17.34966  eV     1   -->   ?

 **************************************************************************

 **************************************************************************

                    xk=(  -0.18000,   0.00000,   0.00000  )

     Band symmetry, C_4v (4mm)  point group:

     e(  1 -  1) =     -5.69791  eV     1   --> A_1  G_1 D_1   
     e(  2 -  2) =      5.16494  eV     1   --> B_2  G_4 D_2'  
     e(  3 -  4) =      5.49860  eV     2   --> E    G_5 D_5   
     e(  5 -  5) =      8.21888  eV     1   --> A_1  G_1 D_1   
     e(  6 -  7) =      9.17261  eV     2   --> E    G_5 D_5   
     e(  8 -  8) =      9.82283  eV     1   --> B_2  G_4 D_2'  
     e(  9 -  9) =     12.84661  eV     1   --> B_2  G_4 D_2'  
     e( 10 - 10) =     13.84502  eV     1   --> A_2  G_2 D_1'  
     e( 11 - 11) =     14.43365  eV     1   --> A_1  G_1 D_1   
     e( 12 - 12) =     17.40037  eV     1   -->   ?

 **************************************************************************

 **************************************************************************

                    xk=(  -0.20000,   0.00000,   0.00000  )

     Band symmetry, C_4v (4mm)  point group:

     e(  1 -  1) =     -5.66538  eV     1   --> A_1  G_1 D_1   
     e(  2 -  2) =      5.01456  eV     1   --> B_2  G_4 D_2'  
     e(  3 -  4) =      5.41168  eV     2   --> E    G_5 D_5   
     e(  5 -  5) =      8.15625  eV     1   --> A_1  G_1 D_1   
     e(  6 -  7) =      9.29936  eV     2   --> E    G_5 D_5   
     e(  8 -  8) =      9.93899  eV     1   --> B_2  G_4 D_2'  
     e(  9 -  9) =     12.71797  eV     1   --> B_2  G_4 D_2'  
     e( 10 - 10) =     13.88129  eV     1   --> A_2  G_2 D_1'  
     e( 11 - 11) =     14.56043  eV     1   --> A_1  G_1 D_1   
     e( 12 - 12) =     17.45692  eV     1   -->   ?

 **************************************************************************

 **************************************************************************

                    xk=(  -0.22000,   0.00000,   0.00000  )

     Band symmetry, C_4v (4mm)  point group:

     e(  1 -  1) =     -5.62945  eV     1   --> A_1  G_1 D_1   
     e(  2 -  2) =      4.85885  eV     1   --> B_2  G_4 D_2'  
     e(  3 -  4) =      5.32257  eV     2   --> E    G_5 D_5   
     e(  5 -  5) =      8.09045  eV     1   --> A_1  G_1 D_1   
     e(  6 -  7) =      9.43239  eV     2   --> E    G_5 D_5   
     e(  8 -  8) =     10.04562  eV     1   --> B_2  G_4 D_2'  
     e(  9 -  9) =     12.60112  eV     1   --> B_2  G_4 D_2'  
     e( 10 - 10) =     13.92138  eV     1   --> A_2  G_2 D_1'  
     e( 11 - 11) =     14.69692  eV     1   --> A_1  G_1 D_1   
     e( 12 - 12) =     17.51925  eV     1   -->   ?

 **************************************************************************

 **************************************************************************

                    xk=(  -0.24000,   0.00000,   0.00000  )

     Band symmetry, C_4v (4mm)  point group:

     e(  1 -  1) =     -5.59012  eV     1   --> A_1  G_1 D_1   
     e(  2 -  2) =      4.69882  eV     1   --> B_2  G_4 D_2'  
     e(  3 -  4) =      5.23207  eV     2   --> E    G_5 D_5   
     e(  5 -  5) =      8.02214  eV     1   --> A_1  G_1 D_1   
     e(  6 -  7) =      9.57085  eV     2   --> E    G_5 D_5   
     e(  8 -  8) =     10.13636  eV     1   --> B_2  G_4 D_2'  
     e(  9 -  9) =     12.50295  eV     1   --> B_2  G_4 D_2'  
     e( 10 - 10) =     13.96526  eV     1   --> A_2  G_2 D_1'  
     e( 11 - 11) =     14.84240  eV     1   --> A_1  G_1 D_1   
     e( 12 - 12) =     17.58730  eV     1   -->   ?

 **************************************************************************

 **************************************************************************

                    xk=(  -0.26000,   0.00000,   0.00000  )

     Band symmetry, C_4v (4mm)  point group:

     e(  1 -  1) =     -5.54742  eV     1   --> A_1  G_1 D_1   
     e(  2 -  2) =      4.53530  eV     1   --> B_2  G_4 D_2'  
     e(  3 -  4) =      5.14085  eV     2   --> E    G_5 D_5   
     e(  5 -  5) =      7.95194  eV     1   --> A_1  G_1 D_1   
     e(  6 -  7) =      9.71409  eV     2   --> E    G_5 D_5   
     e(  8 -  8) =     10.20416  eV     1   --> B_2  G_4 D_2'  
     e(  9 -  9) =     12.43099  eV     1   --> B_2  G_4 D_2'  
     e( 10 - 10) =     14.01297  eV     1   --> A_2  G_2 D_1'  
     e( 11 - 11) =     14.99617  eV     1   --> A_1  G_1 D_1   
     e( 12 - 12) =     17.66097  eV     1   -->   ?

 **************************************************************************

 **************************************************************************

                    xk=(  -0.28000,   0.00000,   0.00000  )

     Band symmetry, C_4v (4mm)  point group:

     e(  1 -  1) =     -5.50135  eV     1   --> A_1  G_1 D_1   
     e(  2 -  2) =      4.36891  eV     1   --> B_2  G_4 D_2'  
     e(  3 -  4) =      5.04944  eV     2   --> E    G_5 D_5   
     e(  5 -  5) =      7.88041  eV     1   --> A_1  G_1 D_1   
     e(  6 -  7) =      9.86149  eV     2   --> E    G_5 D_5   
     e(  8 -  8) =     10.24226  eV     1   --> B_2  G_4 D_2'  
     e(  9 -  9) =     12.39239  eV     1   --> B_2  G_4 D_2'  
     e( 10 - 10) =     14.06447  eV     1   --> A_2  G_2 D_1'  
     e( 11 - 11) =     15.15755  eV     1   --> A_1  G_1 D_1   
     e( 12 - 12) =     17.74015  eV     1   -->   ?

 **************************************************************************

 **************************************************************************

                    xk=(  -0.30000,   0.00000,   0.00000  )

     Band symmetry, C_4v (4mm)  point group:

     e(  1 -  1) =     -5.45191  eV     1   --> A_1  G_1 D_1   
     e(  2 -  2) =      4.20020  eV     1   --> B_2  G_4 D_2'  
     e(  3 -  4) =      4.95832  eV     2   --> E    G_5 D_5   
     e(  5 -  5) =      7.80807  eV     1   --> A_1  G_1 D_1   
     e(  6 -  7) =     10.01259  eV     2   --> E    G_5 D_5   
     e(  8 -  8) =     10.24592  eV     1   --> B_2  G_4 D_2'  
     e(  9 -  9) =     12.39221  eV     1   --> B_2  G_4 D_2'  
     e( 10 - 10) =     14.11978  eV     1   --> A_2  G_2 D_1'  
     e( 11 - 11) =     15.32594  eV     1   --> A_1  G_1 D_1   
     e( 12 - 12) =     17.82469  eV     1   -->   ?

 **************************************************************************

 **************************************************************************

                    xk=(  -0.32000,   0.00000,   0.00000  )

     Band symmetry, C_4v (4mm)  point group:

     e(  1 -  1) =     -5.39913  eV     1   --> A_1  G_1 D_1   
     e(  2 -  2) =      4.02958  eV     1   --> B_2  G_4 D_2'  
     e(  3 -  4) =      4.86786  eV     2   --> E    G_5 D_5   
     e(  5 -  5) =      7.73540  eV     1   --> A_1  G_1 D_1   
     e(  6 -  7) =     10.16697  eV     2   --> E    G_5 D_5   
     e(  8 -  8) =     10.21421  eV     1   --> B_2  G_4 D_2'  
     e(  9 -  9) =     12.43169  eV     1   --> B_2  G_4 D_2'  
     e( 10 - 10) =     14.17890  eV     1   --> A_2  G_2 D_1'  
     e( 11 - 11) =     15.50071  eV     1   --> A_1  G_1 D_1   
     e( 12 - 12) =     17.91442  eV     1   -->   ?

 **************************************************************************

 **************************************************************************

                    xk=(  -0.34000,   0.00000,   0.00000  )

     Band symmetry, C_4v (4mm)  point group:

     e(  1 -  1) =     -5.34301  eV     1   --> A_1  G_1 D_1   
     e(  2 -  2) =      3.85742  eV     1   --> B_2  G_4 D_2'  
     e(  3 -  4) =      4.77840  eV     2   --> E    G_5 D_5   
     e(  5 -  5) =      7.66283  eV     1   --> A_1  G_1 D_1   
     e(  6 -  6) =     10.15020  eV     1   --> B_2  G_4 D_2'  
     e(  7 -  8) =     10.32426  eV     2   --> E    G_5 D_5   
     e(  9 -  9) =     12.50800  eV     1   --> B_2  G_4 D_2'  
     e( 10 - 10) =     14.24182  eV     1   --> A_2  G_2 D_1'  
     e( 11 - 11) =     15.68128  eV     1   --> A_1  G_1 D_1   
     e( 12 - 12) =     18.00911  eV     1   -->   ?

 **************************************************************************

 **************************************************************************

                    xk=(  -0.36000,   0.00000,   0.00000  )

     Band symmetry, C_4v (4mm)  point group:

     e(  1 -  1) =     -5.28357  eV     1   --> A_1  G_1 D_1   
     e(  2 -  2) =      3.68399  eV     1   --> B_2  G_4 D_2'  
     e(  3 -  4) =      4.69019  eV     2   --> E    G_5 D_5   
     e(  5 -  5) =      7.59075  eV     1   --> A_1  G_1 D_1   
     e(  6 -  6) =     10.05960  eV     1   --> B_2  G_4 D_2'  
     e(  7 -  8) =     10.48417  eV     2   --> E    G_5 D_5   
     e(  9 -  9) =     12.61562  eV     1   --> B_2  G_4 D_2'  
     e( 10 - 10) =     14.30854  eV     1   --> A_2  G_2 D_1'  
     e( 11 - 11) =     15.86711  eV     1   --> A_1  G_1 D_1   
     e( 12 - 12) =     18.10847  eV     1   -->   ?

 **************************************************************************

 **************************************************************************

                    xk=(  -0.38000,   0.00000,   0.00000  )

     Band symmetry, C_4v (4mm)  point group:

     e(  1 -  1) =     -5.22083  eV     1   --> A_1  G_1 D_1   
     e(  2 -  2) =      3.50953  eV     1   --> B_2  G_4 D_2'  
     e(  3 -  4) =      4.60349  eV     2   --> E    G_5 D_5   
     e(  5 -  5) =      7.51951  eV     1   --> A_1  G_1 D_1   
     e(  6 -  6) =      9.94880  eV     1   --> B_2  G_4 D_2'  
     e(  7 -  8) =     10.64644  eV     2   --> E    G_5 D_5   
     e(  9 -  9) =     12.74832  eV     1   --> B_2  G_4 D_2'  
     e( 10 - 10) =     14.37905  eV     1   --> A_2  G_2 D_1'  
     e( 11 - 11) =     16.05762  eV     1   --> A_1  G_1 D_1   
     e( 12 - 12) =     18.21213  eV     1   -->   ?

 **************************************************************************

 **************************************************************************

                    xk=(  -0.40000,   0.00000,   0.00000  )

     Band symmetry, C_4v (4mm)  point group:

     e(  1 -  1) =     -5.15479  eV     1   --> A_1  G_1 D_1   
     e(  2 -  2) =      3.33424  eV     1   --> B_2  G_4 D_2'  
     e(  3 -  4) =      4.51847  eV     2   --> E    G_5 D_5   
     e(  5 -  5) =      7.44944  eV     1   --> A_1  G_1 D_1   
     e(  6 -  6) =      9.82358  eV     1   --> B_2  G_4 D_2'  
     e(  7 -  8) =     10.81084  eV     2   --> E    G_5 D_5   
     e(  9 -  9) =     12.90043  eV     1   --> B_2  G_4 D_2'  
     e( 10 - 10) =     14.45334  eV     1   --> A_2  G_2 D_1'  
     e( 11 - 11) =     16.25227  eV     1   --> A_1  G_1 D_1   
     e( 12 - 12) =     18.31963  eV     1   -->   ?

 **************************************************************************

 **************************************************************************

                    xk=(  -0.42000,   0.00000,   0.00000  )

     Band symmetry, C_4v (4mm)  point group:

     e(  1 -  1) =     -5.08547  eV     1   --> A_1  G_1 D_1   
     e(  2 -  2) =      3.15831  eV     1   --> B_2  G_4 D_2'  
     e(  3 -  4) =      4.43533  eV     2   --> E    G_5 D_5   
     e(  5 -  5) =      7.38081  eV     1   --> A_1  G_1 D_1   
     e(  6 -  6) =      9.68863  eV     1   --> B_2  G_4 D_2'  
     e(  7 -  8) =     10.97719  eV     2   --> E    G_5 D_5   
     e(  9 -  9) =     13.06736  eV     1   --> B_2  G_4 D_2'  
     e( 10 - 10) =     14.53144  eV     1   --> A_2  G_2 D_1'  
     e( 11 - 11) =     16.45049  eV     1   --> A_1  G_1 D_1   
     e( 12 - 12) =     18.43038  eV     1   -->   ?

 **************************************************************************

 **************************************************************************

                    xk=(  -0.44000,   0.00000,   0.00000  )

     Band symmetry, C_4v (4mm)  point group:

     e(  1 -  1) =     -5.01290  eV     1   --> A_1  G_1 D_1   
     e(  2 -  2) =      2.98186  eV     1   --> B_2  G_4 D_2'  
     e(  3 -  4) =      4.35421  eV     2   --> E    G_5 D_5   
     e(  5 -  5) =      7.31390  eV     1   --> A_1  G_1 D_1   
     e(  6 -  6) =      9.54753  eV     1   --> B_2  G_4 D_2'  
     e(  7 -  8) =     11.14531  eV     2   --> E    G_5 D_5   
     e(  9 -  9) =     13.24558  eV     1   --> B_2  G_4 D_2'  
     e( 10 - 10) =     14.61333  eV     1   --> A_2  G_2 D_1'  
     e( 11 - 11) =     16.65170  eV     1   --> A_1  G_1 D_1   
     e( 12 - 12) =     18.54362  eV     1   -->   ?

 **************************************************************************

 **************************************************************************

                    xk=(  -0.46000,   0.00000,   0.00000  )

     Band symmetry, C_4v (4mm)  point group:

     e(  1 -  1) =     -4.93709  eV     1   --> A_1  G_1 D_1   
     e(  2 -  2) =      2.80503  eV     1   --> B_2  G_4 D_2'  
     e(  3 -  4) =      4.27523  eV     2   --> E    G_5 D_5   
     e(  5 -  5) =      7.24893  eV     1   --> A_1  G_1 D_1   
     e(  6 -  6) =      9.40295  eV     1   --> B_2  G_4 D_2'  
     e(  7 -  8) =     11.31504  eV     2   --> E    G_5 D_5   
     e(  9 -  9) =     13.43244  eV     1   --> B_2  G_4 D_2'  
     e( 10 - 10) =     14.69899  eV     1   --> A_2  G_2 D_1'  
     e( 11 - 11) =     16.85530  eV     1   --> A_1  G_1 D_1   
     e( 12 - 12) =     18.65835  eV     1   -->   ?

 **************************************************************************

 **************************************************************************

                    xk=(  -0.48000,   0.00000,   0.00000  )

     Band symmetry, C_4v (4mm)  point group:

     e(  1 -  1) =     -4.85806  eV     1   --> A_1  G_1 D_1   
     e(  2 -  2) =      2.62794  eV     1   --> B_2  G_4 D_2'  
     e(  3 -  4) =      4.19850  eV     2   --> E    G_5 D_5   
     e(  5 -  5) =      7.18612  eV     1   --> A_1  G_1 D_1   
     e(  6 -  6) =      9.25690  eV     1   --> B_2  G_4 D_2'  
     e(  7 -  8) =     11.48627  eV     2   --> E    G_5 D_5   
     e(  9 -  9) =     13.62593  eV     1   --> B_2  G_4 D_2'  
     e( 10 - 10) =     14.78844  eV     1   --> A_2  G_2 D_1'  
     e( 11 - 11) =     17.06060  eV     1   --> A_1  G_1 D_1   
     e( 12 - 12) =     18.77328  eV     1   -->   ?

 **************************************************************************

 **************************************************************************

                    xk=(  -0.50000,   0.00000,   0.00000  )

     Band symmetry, C_4v (4mm)  point group:

     e(  1 -  1) =     -4.77584  eV     1   --> A_1  G_1 D_1   
     e(  2 -  2) =      2.45069  eV     1   --> B_2  G_4 D_2'  
     e(  3 -  4) =      4.12414  eV     2   --> E    G_5 D_5   
     e(  5 -  5) =      7.12566  eV     1   --> A_1  G_1 D_1   
     e(  6 -  6) =      9.11088  eV     1   --> B_2  G_4 D_2'  
     e(  7 -  8) =     11.65887  eV     2   --> E    G_5 D_5   
     e(  9 -  9) =     13.82452  eV     1   --> B_2  G_4 D_2'  
     e( 10 - 10) =     14.88165  eV     1   --> A_2  G_2 D_1'  
     e( 11 - 11) =     17.26689  eV     1   --> A_1  G_1 D_1   
     e( 12 - 12) =     18.88671  eV     1   -->   ?

 **************************************************************************

 **************************************************************************

                    xk=(  -0.52000,   0.00000,   0.00000  )

     Band symmetry, C_4v (4mm)  point group:

     e(  1 -  1) =     -4.69044  eV     1   --> A_1  G_1 D_1   
     e(  2 -  2) =      2.27338  eV     1   --> B_2  G_4 D_2'  
     e(  3 -  4) =      4.05222  eV     2   --> E    G_5 D_5   
     e(  5 -  5) =      7.06772  eV     1   --> A_1  G_1 D_1   
     e(  6 -  6) =      8.96603  eV     1   --> B_2  G_4 D_2'  
     e(  7 -  8) =     11.83276  eV     2   --> E    G_5 D_5   
     e(  9 -  9) =     14.02704  eV     1   --> B_2  G_4 D_2'  
     e( 10 - 10) =     14.97865  eV     1   --> A_2  G_2 D_1'  
     e( 11 - 11) =     17.47336  eV     1   --> A_1  G_1 D_1   
     e( 12 - 12) =     18.99645  eV     1   -->   ?

 **************************************************************************

 **************************************************************************

                    xk=(  -0.54000,   0.00000,   0.00000  )

     Band symmetry, C_4v (4mm)  point group:

     e(  1 -  1) =     -4.60189  eV     1   --> A_1  G_1 D_1   
     e(  2 -  2) =      2.09609  eV     1   --> B_2  G_4 D_2'  
     e(  3 -  4) =      3.98282  eV     2   --> E    G_5 D_5   
     e(  5 -  5) =      7.01248  eV     1   --> A_1  G_1 D_1   
     e(  6 -  6) =      8.82321  eV     1   --> B_2  G_4 D_2'  
     e(  7 -  8) =     12.00784  eV     2   --> E    G_5 D_5   
     e(  9 -  9) =     14.23253  eV     1   --> B_2  G_4 D_2'  
     e( 10 - 10) =     15.07940  eV     1   --> A_2  G_2 D_1'  
     e( 11 - 11) =     17.67911  eV     1   --> A_1  G_1 D_1   
     e( 12 - 12) =     19.09960  eV     1   -->   ?

 **************************************************************************

 **************************************************************************

                    xk=(  -0.56000,   0.00000,   0.00000  )

     Band symmetry, C_4v (4mm)  point group:

     e(  1 -  1) =     -4.51021  eV     1   --> A_1  G_1 D_1   
     e(  2 -  2) =      1.91893  eV     1   --> B_2  G_4 D_2'  
     e(  3 -  4) =      3.91601  eV     2   --> E    G_5 D_5   
     e(  5 -  5) =      6.96008  eV     1   --> A_1  G_1 D_1   
     e(  6 -  6) =      8.68309  eV     1   --> B_2  G_4 D_2'  
     e(  7 -  8) =     12.18405  eV     2   --> E    G_5 D_5   
     e(  9 -  9) =     14.44025  eV     1   --> B_2  G_4 D_2'  
     e( 10 - 10) =     15.18392  eV     1   --> A_2  G_2 D_1'  
     e( 11 - 11) =     17.88309  eV     1   --> A_1  G_1 D_1   
     e( 12 - 12) =     19.19246  eV     1   -->   ?

 **************************************************************************

 **************************************************************************

                    xk=(  -0.58000,   0.00000,   0.00000  )

     Band symmetry, C_4v (4mm)  point group:

     e(  1 -  1) =     -4.41543  eV     1   --> A_1  G_1 D_1   
     e(  2 -  2) =      1.74198  eV     1   --> B_2  G_4 D_2'  
     e(  3 -  4) =      3.85186  eV     2   --> E    G_5 D_5   
     e(  5 -  5) =      6.91066  eV     1   --> A_1  G_1 D_1   
     e(  6 -  6) =      8.54621  eV     1   --> B_2  G_4 D_2'  
     e(  7 -  8) =     12.36131  eV     2   --> E    G_5 D_5   
     e(  9 -  9) =     14.64954  eV     1   --> B_2  G_4 D_2'  
     e( 10 - 10) =     15.29220  eV     1   --> A_2  G_2 D_1'  
     e( 11 - 11) =     18.08412  eV     1   --> A_1  G_1 D_1   
     e( 12 - 12) =     19.27054  eV     1   -->   ?

 **************************************************************************

 **************************************************************************

                    xk=(  -0.60000,   0.00000,   0.00000  )

     Band symmetry, C_4v (4mm)  point group:

     e(  1 -  1) =     -4.31758  eV     1   --> A_1  G_1 D_1   
     e(  2 -  2) =      1.56532  eV     1   --> B_2  G_4 D_2'  
     e(  3 -  4) =      3.79041  eV     2   --> E    G_5 D_5   
     e(  5 -  5) =      6.86433  eV     1   --> A_1  G_1 D_1   
     e(  6 -  6) =      8.41297  eV     1   --> B_2  G_4 D_2'  
     e(  7 -  8) =     12.53958  eV     2   --> E    G_5 D_5   
     e(  9 -  9) =     14.85989  eV     1   --> B_2  G_4 D_2'  
     e( 10 - 10) =     15.40423  eV     1   --> A_2  G_2 D_1'  
     e( 11 - 11) =     18.28081  eV     1   --> A_1  G_1 D_1   
     e( 12 - 12) =     19.32857  eV     1   -->   ?

 **************************************************************************

 **************************************************************************

                    xk=(  -0.62000,   0.00000,   0.00000  )

     Band symmetry, C_4v (4mm)  point group:

     e(  1 -  1) =     -4.21669  eV     1   --> A_1  G_1 D_1   
     e(  2 -  2) =      1.38903  eV     1   --> B_2  G_4 D_2'  
     e(  3 -  4) =      3.73171  eV     2   --> E    G_5 D_5   
     e(  5 -  5) =      6.82123  eV     1   --> A_1  G_1 D_1   
     e(  6 -  6) =      8.28370  eV     1   --> B_2  G_4 D_2'  
     e(  7 -  8) =     12.71880  eV     2   --> E    G_5 D_5   
     e(  9 -  9) =     15.07082  eV     1   --> B_2  G_4 D_2'  
     e( 10 - 10) =     15.52001  eV     1   --> A_2  G_2 D_1'  
     e( 11 - 11) =     18.47157  eV     1   --> A_1  G_1 D_1   
     e( 12 - 12) =     19.36112  eV     1   -->   ?

 **************************************************************************

 **************************************************************************

                    xk=(  -0.64000,   0.00000,   0.00000  )

     Band symmetry, C_4v (4mm)  point group:

     e(  1 -  1) =     -4.11279  eV     1   --> A_1  G_1 D_1   
     e(  2 -  2) =      1.21321  eV     1   --> B_2  G_4 D_2'  
     e(  3 -  4) =      3.67581  eV     2   --> E    G_5 D_5   
     e(  5 -  5) =      6.78145  eV     1   --> A_1  G_1 D_1   
     e(  6 -  6) =      8.15865  eV     1   --> B_2  G_4 D_2'  
     e(  7 -  8) =     12.89892  eV     2   --> E    G_5 D_5   
     e(  9 -  9) =     15.28194  eV     1   --> B_2  G_4 D_2'  
     e( 10 - 10) =     15.63952  eV     1   --> A_2  G_2 D_1'  
     e( 11 - 11) =     18.65456  eV     1   --> A_1  G_1 D_1   
     e( 12 - 12) =     19.36358  eV     1   -->   ?

 **************************************************************************

 **************************************************************************

                    xk=(  -0.66000,   0.00000,   0.00000  )

     Band symmetry, C_4v (4mm)  point group:

     e(  1 -  1) =     -4.00591  eV     1   --> A_1  G_1 D_1   
     e(  2 -  2) =      1.03794  eV     1   --> B_2  G_4 D_2'  
     e(  3 -  4) =      3.62276  eV     2   --> E    G_5 D_5   
     e(  5 -  5) =      6.74509  eV     1   --> A_1  G_1 D_1   
     e(  6 -  6) =      8.03803  eV     1   --> B_2  G_4 D_2'  
     e(  7 -  8) =     13.07990  eV     2   --> E    G_5 D_5   
     e(  9 -  9) =     15.49286  eV     1   --> B_2  G_4 D_2'  
     e( 10 - 10) =     15.76279  eV     1   --> A_2  G_2 D_1'  
     e( 11 - 11) =     18.82769  eV     1   --> A_1  G_1 D_1   
     e( 12 - 12) =     19.33332  eV     1   -->   ?

 **************************************************************************

 **************************************************************************

                    xk=(  -0.68000,   0.00000,   0.00000  )

     Band symmetry, C_4v (4mm)  point group:

     e(  1 -  1) =     -3.89608  eV     1   --> A_1  G_1 D_1   
     e(  2 -  2) =      0.86330  eV     1   --> B_2  G_4 D_2'  
     e(  3 -  4) =      3.57257  eV     2   --> E    G_5 D_5   
     e(  5 -  5) =      6.71227  eV     1   --> A_1  G_1 D_1   
     e(  6 -  6) =      7.92198  eV     1   --> B_2  G_4 D_2'  
     e(  7 -  8) =     13.26168  eV     2   --> E    G_5 D_5   
     e(  9 -  9) =     15.70326  eV     1   --> B_2  G_4 D_2'  
     e( 10 - 10) =     15.88977  eV     1   --> A_2  G_2 D_1'  
     e( 11 - 11) =     18.98861  eV     1   --> A_1  G_1 D_1   
     e( 12 - 12) =     19.27046  eV     1   -->   ?

 **************************************************************************

 **************************************************************************

                    xk=(  -0.70000,   0.00000,   0.00000  )

     Band symmetry, C_4v (4mm)  point group:

     e(  1 -  1) =     -3.78335  eV     1   --> A_1  G_1 D_1   
     e(  2 -  2) =      0.68939  eV     1   --> B_2  G_4 D_2'  
     e(  3 -  4) =      3.52529  eV     2   --> E    G_5 D_5   
     e(  5 -  5) =      6.68304  eV     1   --> A_1  G_1 D_1   
     e(  6 -  6) =      7.81064  eV     1   --> B_2  G_4 D_2'  
     e(  7 -  8) =     13.44421  eV     2   --> E    G_5 D_5   
     e(  9 -  9) =     15.91283  eV     1   --> B_2  G_4 D_2'  
     e( 10 - 10) =     16.02046  eV     1   --> A_2  G_2 D_1'  
     e( 11 - 11) =     19.13476  eV     1   --> A_1  G_1 D_1   
     e( 12 - 12) =     19.17774  eV     1   -->   ?

 **************************************************************************

 **************************************************************************

                    xk=(  -0.72000,   0.00000,   0.00000  )

     Band symmetry, C_4v (4mm)  point group:

     e(  1 -  1) =     -3.66775  eV     1   --> A_1  G_1 D_1   
     e(  2 -  2) =      0.51628  eV     1   --> B_2  G_4 D_2'  
     e(  3 -  4) =      3.48094  eV     2   --> E    G_5 D_5   
     e(  5 -  5) =      6.65753  eV     1   --> A_1  G_1 D_1   
     e(  6 -  6) =      7.70410  eV     1   --> B_2  G_4 D_2'  
     e(  7 -  8) =     13.62744  eV     2   --> E    G_5 D_5   
     e(  9 -  9) =     16.12129  eV     1   --> B_2  G_4 D_2'  
     e( 10 - 10) =     16.15487  eV     1   --> A_2  G_2 D_1'  
     e( 11 - 12) =     19.05959  eV     2   --> E    G_5 D_5   

 **************************************************************************

 **************************************************************************

                    xk=(  -0.74000,   0.00000,   0.00000  )

     Band symmetry, C_4v (4mm)  point group:

     e(  1 -  1) =     -3.54931  eV     1   --> A_1  G_1 D_1   
     e(  2 -  2) =      0.34406  eV     1   --> B_2  G_4 D_2'  
     e(  3 -  4) =      3.43955  eV     2   --> E    G_5 D_5   
     e(  5 -  5) =      6.63579  eV     1   --> A_1  G_1 D_1   
     e(  6 -  6) =      7.60242  eV     1   --> B_2  G_4 D_2'  
     e(  7 -  8) =     13.81129  eV     2   --> E    G_5 D_5   
     e(  9 -  9) =     16.29299  eV     1   --> A_2  G_2 D_1'  
     e( 10 - 10) =     16.32834  eV     1   --> B_2  G_4 D_2'  
     e( 11 - 12) =     18.92095  eV     2   --> E    G_5 D_5   

 **************************************************************************

 **************************************************************************

                    xk=(  -0.76000,   0.00000,   0.00000  )

     Band symmetry, C_4v (4mm)  point group:

     e(  1 -  1) =     -3.42808  eV     1   --> A_1  G_1 D_1   
     e(  2 -  2) =      0.17284  eV     1   --> B_2  G_4 D_2'  
     e(  3 -  4) =      3.40115  eV     2   --> E    G_5 D_5   
     e(  5 -  5) =      6.61792  eV     1   --> A_1  G_1 D_1   
     e(  6 -  6) =      7.50566  eV     1   --> B_2  G_4 D_2'  
     e(  7 -  8) =     13.99564  eV     2   --> E    G_5 D_5   
     e(  9 -  9) =     16.43482  eV     1   --> A_2  G_2 D_1'  
     e( 10 - 10) =     16.53373  eV     1   --> B_2  G_4 D_2'  
     e( 11 - 12) =     18.76653  eV     2   --> E    G_5 D_5   

 **************************************************************************

 **************************************************************************

                    xk=(  -0.78000,   0.00000,   0.00000  )

     Band symmetry, C_4v (4mm)  point group:

     e(  1 -  1) =     -3.30411  eV     1   --> A_1  G_1 D_1   
     e(  2 -  2) =      0.00268  eV     1   --> B_2  G_4 D_2'  
     e(  3 -  4) =      3.36575  eV     2   --> E    G_5 D_5   
     e(  5 -  5) =      6.60397  eV     1   --> A_1  G_1 D_1   
     e(  6 -  6) =      7.41385  eV     1   --> B_2  G_4 D_2'  
     e(  7 -  8) =     14.18038  eV     2   --> E    G_5 D_5   
     e(  9 -  9) =     16.58033  eV     1   --> A_2  G_2 D_1'  
     e( 10 - 10) =     16.73718  eV     1   --> B_2  G_4 D_2'  
     e( 11 - 12) =     18.60035  eV     2   --> E    G_5 D_5   

 **************************************************************************

 **************************************************************************

                    xk=(  -0.80000,   0.00000,   0.00000  )

     Band symmetry, C_4v (4mm)  point group:

     e(  1 -  1) =     -3.17744  eV     1   --> A_1  G_1 D_1   
     e(  2 -  2) =     -0.16632  eV     1   --> B_2  G_4 D_2'  
     e(  3 -  4) =      3.33337  eV     2   --> E    G_5 D_5   
     e(  5 -  5) =      6.59402  eV     1   --> A_1  G_1 D_1   
     e(  6 -  6) =      7.32700  eV     1   --> B_2  G_4 D_2'  
     e(  7 -  8) =     14.36530  eV     2   --> E    G_5 D_5   
     e(  9 -  9) =     16.72952  eV     1   --> A_2  G_2 D_1'  
     e( 10 - 10) =     16.93843  eV     1   --> B_2  G_4 D_2'  
     e( 11 - 12) =     18.42574  eV     2   --> E    G_5 D_5   

 **************************************************************************

 **************************************************************************

                    xk=(  -0.82000,   0.00000,   0.00000  )

     Band symmetry, C_4v (4mm)  point group:

     e(  1 -  1) =     -3.04811  eV     1   --> A_1  G_1 D_1   
     e(  2 -  2) =     -0.33407  eV     1   --> B_2  G_4 D_2'  
     e(  3 -  4) =      3.30402  eV     2   --> E    G_5 D_5   
     e(  5 -  5) =      6.58815  eV     1   --> A_1  G_1 D_1   
     e(  6 -  6) =      7.24513  eV     1   --> B_2  G_4 D_2'  
     e(  7 -  8) =     14.55015  eV     2   --> E    G_5 D_5   
     e(  9 -  9) =     16.88238  eV     1   --> A_2  G_2 D_1'  
     e( 10 - 10) =     17.13718  eV     1   --> B_2  G_4 D_2'  
     e( 11 - 12) =     18.24541  eV     2   --> E    G_5 D_5   

 **************************************************************************

 **************************************************************************

                    xk=(  -0.84000,   0.00000,   0.00000  )

     Band symmetry, C_4v (4mm)  point group:

     e(  1 -  1) =     -2.91618  eV     1   --> A_1  G_1 D_1   
     e(  2 -  2) =     -0.50048  eV     1   --> B_2  G_4 D_2'  
     e(  3 -  4) =      3.27773  eV     2   --> E    G_5 D_5   
     e(  5 -  5) =      6.58641  eV     1   --> A_1  G_1 D_1   
     e(  6 -  6) =      7.16821  eV     1   --> B_2  G_4 D_2'  
     e(  7 -  8) =     14.73453  eV     2   --> E    G_5 D_5   
     e(  9 -  9) =     17.03891  eV     1   --> A_2  G_2 D_1'  
     e( 10 - 10) =     17.33315  eV     1   --> B_2  G_4 D_2'  
     e( 11 - 12) =     18.06164  eV     2   --> E    G_5 D_5   

 **************************************************************************

 **************************************************************************

                    xk=(  -0.86000,   0.00000,   0.00000  )

     Band symmetry, C_4v (4mm)  point group:

     e(  1 -  1) =     -2.78170  eV     1   --> A_1  G_1 D_1   
     e(  2 -  2) =     -0.66548  eV     1   --> B_2  G_4 D_2'  
     e(  3 -  4) =      3.25451  eV     2   --> E    G_5 D_5   
     e(  5 -  5) =      6.58887  eV     1   --> A_1  G_1 D_1   
     e(  6 -  6) =      7.09625  eV     1   --> B_2  G_4 D_2'  
     e(  7 -  8) =     14.91781  eV     2   --> E    G_5 D_5   
     e(  9 -  9) =     17.19909  eV     1   --> A_2  G_2 D_1'  
     e( 10 - 10) =     17.52598  eV     1   --> B_2  G_4 D_2'  
     e( 11 - 12) =     17.87644  eV     2   --> E    G_5 D_5   

 **************************************************************************

 **************************************************************************

                    xk=(  -0.88000,   0.00000,   0.00000  )

     Band symmetry, C_4v (4mm)  point group:

     e(  1 -  1) =     -2.64472  eV     1   --> A_1  G_1 D_1   
     e(  2 -  2) =     -0.82897  eV     1   --> B_2  G_4 D_2'  
     e(  3 -  4) =      3.23436  eV     2   --> E    G_5 D_5   
     e(  5 -  5) =      6.59559  eV     1   --> A_1  G_1 D_1   
     e(  6 -  6) =      7.02922  eV     1   --> B_2  G_4 D_2'  
     e(  7 -  8) =     15.09906  eV     2   --> E    G_5 D_5   
     e(  9 -  9) =     17.36290  eV     1   --> A_2  G_2 D_1'  
     e( 10 - 11) =     17.69183  eV     2   --> E    G_5 D_5   
     e( 12 - 12) =     17.71533  eV     1   --> B_2  G_4 D_2'  

 **************************************************************************

 **************************************************************************

                    xk=(  -0.90000,   0.00000,   0.00000  )

     Band symmetry, C_4v (4mm)  point group:

     e(  1 -  1) =     -2.50530  eV     1   --> A_1  G_1 D_1   
     e(  2 -  2) =     -0.99087  eV     1   --> B_2  G_4 D_2'  
     e(  3 -  4) =      3.21729  eV     2   --> E    G_5 D_5   
     e(  5 -  5) =      6.60663  eV     1   --> A_1  G_1 D_1   
     e(  6 -  6) =      6.96709  eV     1   --> B_2  G_4 D_2'  
     e(  7 -  8) =     15.27670  eV     2   --> E    G_5 D_5   
     e(  9 - 10) =     17.51022  eV     2   --> E    G_5 D_5   
     e( 11 - 11) =     17.53035  eV     1   --> A_2  G_2 D_1'  
     e( 12 - 12) =     17.90077  eV     1   --> B_2  G_4 D_2'  

 **************************************************************************

 **************************************************************************

                    xk=(  -0.92000,   0.00000,   0.00000  )

     Band symmetry, C_4v (4mm)  point group:

     e(  1 -  1) =     -2.36350  eV     1   --> A_1  G_1 D_1   
     e(  2 -  2) =     -1.15110  eV     1   --> B_2  G_4 D_2'  
     e(  3 -  4) =      3.20332  eV     2   --> E    G_5 D_5   
     e(  5 -  5) =      6.62206  eV     1   --> A_1  G_1 D_1   
     e(  6 -  6) =      6.90984  eV     1   --> B_2  G_4 D_2'  
     e(  7 -  8) =     15.44802  eV     2   --> E    G_5 D_5   
     e(  9 - 10) =     17.33495  eV     2   --> E    G_5 D_5   
     e( 11 - 11) =     17.70141  eV     1   --> A_2  G_2 D_1'  
     e( 12 - 12) =     18.08180  eV     1   --> B_2  G_4 D_2'  

 **************************************************************************

 **************************************************************************

                    xk=(  -0.94000,   0.00000,   0.00000  )

     Band symmetry, C_4v (4mm)  point group:

     e(  1 -  1) =     -2.21937  eV     1   --> A_1  G_1 D_1   
     e(  2 -  2) =     -1.30957  eV     1   --> B_2  G_4 D_2'  
     e(  3 -  4) =      3.19244  eV     2   --> E    G_5 D_5   
     e(  5 -  5) =      6.64193  eV     1   --> A_1  G_1 D_1   
     e(  6 -  6) =      6.85741  eV     1   --> B_2  G_4 D_2'  
     e(  7 -  8) =     15.60804  eV     2   --> E    G_5 D_5   
     e(  9 - 10) =     17.17144  eV     2   --> E    G_5 D_5   
     e( 11 - 11) =     17.87607  eV     1   --> A_2  G_2 D_1'  
     e( 12 - 12) =     18.25787  eV     1   --> B_2  G_4 D_2'  

 **************************************************************************

 **************************************************************************

                    xk=(  -0.96000,   0.00000,   0.00000  )

     Band symmetry, C_4v (4mm)  point group:

     e(  1 -  1) =     -2.07299  eV     1   --> A_1  G_1 D_1   
     e(  2 -  2) =     -1.46622  eV     1   --> B_2  G_4 D_2'  
     e(  3 -  4) =      3.18467  eV     2   --> E    G_5 D_5   
     e(  5 -  5) =      6.66630  eV     1   --> A_1  G_1 D_1   
     e(  6 -  6) =      6.80979  eV     1   --> B_2  G_4 D_2'  
     e(  7 -  8) =     15.74726  eV     2   --> E    G_5 D_5   
     e(  9 - 10) =     17.02950  eV     2   --> E    G_5 D_5   
     e( 11 - 11) =     18.05432  eV     1   --> A_2  G_2 D_1'  
     e( 12 - 12) =     18.42829  eV     1   --> B_2  G_4 D_2'  

 **************************************************************************

 **************************************************************************

                    xk=(  -0.98000,   0.00000,   0.00000  )

     Band symmetry, C_4v (4mm)  point group:

     e(  1 -  1) =     -1.92441  eV     1   --> A_1  G_1 D_1   
     e(  2 -  2) =     -1.62096  eV     1   --> B_2  G_4 D_2'  
     e(  3 -  4) =      3.18001  eV     2   --> E    G_5 D_5   
     e(  5 -  5) =      6.69521  eV     1   --> A_1  G_1 D_1   
     e(  6 -  6) =      6.76691  eV     1   --> B_2  G_4 D_2'  
     e(  7 -  8) =     15.84831  eV     2   --> E    G_5 D_5   
     e(  9 - 10) =     16.92675  eV     2   --> E    G_5 D_5   
     e( 11 - 11) =     18.23614  eV     1   --> A_2  G_2 D_1'  
     e( 12 - 12) =     18.59225  eV     1   --> B_2  G_4 D_2'  

 **************************************************************************

 **************************************************************************

                    xk=(  -1.00000,   0.00000,   0.00000  )

     zone border point and non-symmorphic group 
     symmetry decomposition not available

 **************************************************************************

     BANDS        :     42.33s CPU     46.74s WALL


   This run was terminated on:  14:46:26  26Sep2026            

=------------------------------------------------------------------------------=
   JOB DONE.
=------------------------------------------------------------------------------=
